mode: set
github.com/proveder/envconfig/envconfig.go:47.37,49.2 1 0
github.com/proveder/envconfig/envconfig.go:61.61,64.33 2 1
github.com/proveder/envconfig/envconfig.go:64.33,66.3 1 1
github.com/proveder/envconfig/envconfig.go:67.2,68.32 2 1
github.com/proveder/envconfig/envconfig.go:68.32,70.3 1 1
github.com/proveder/envconfig/envconfig.go:71.2,75.36 3 1
github.com/proveder/envconfig/envconfig.go:75.36,78.54 3 1
github.com/proveder/envconfig/envconfig.go:78.54,79.12 1 1
github.com/proveder/envconfig/envconfig.go:82.3,82.35 1 1
github.com/proveder/envconfig/envconfig.go:82.35,83.17 1 1
github.com/proveder/envconfig/envconfig.go:83.17,84.49 1 1
github.com/proveder/envconfig/envconfig.go:84.49,86.11 1 1
github.com/proveder/envconfig/envconfig.go:89.5,89.40 1 1
github.com/proveder/envconfig/envconfig.go:91.4,91.16 1 1
github.com/proveder/envconfig/envconfig.go:95.3,106.43 3 1
github.com/proveder/envconfig/envconfig.go:106.43,110.77 2 1
github.com/proveder/envconfig/envconfig.go:110.77,111.69 1 1
github.com/proveder/envconfig/envconfig.go:111.69,113.6 1 1
github.com/proveder/envconfig/envconfig.go:113.11,115.6 1 1
github.com/proveder/envconfig/envconfig.go:117.4,117.38 1 1
github.com/proveder/envconfig/envconfig.go:119.3,119.21 1 1
github.com/proveder/envconfig/envconfig.go:119.21,121.4 1 1
github.com/proveder/envconfig/envconfig.go:122.3,122.19 1 1
github.com/proveder/envconfig/envconfig.go:122.19,124.4 1 1
github.com/proveder/envconfig/envconfig.go:125.3,128.33 3 1
github.com/proveder/envconfig/envconfig.go:128.33,130.113 1 1
github.com/proveder/envconfig/envconfig.go:130.113,132.25 2 1
github.com/proveder/envconfig/envconfig.go:132.25,134.6 1 1
github.com/proveder/envconfig/envconfig.go:136.5,138.19 3 1
github.com/proveder/envconfig/envconfig.go:138.19,140.6 1 0
github.com/proveder/envconfig/envconfig.go:141.5,143.13 2 1
github.com/proveder/envconfig/envconfig.go:147.2,147.19 1 1
github.com/proveder/envconfig/envconfig.go:153.53,155.16 2 1
github.com/proveder/envconfig/envconfig.go:155.16,157.3 1 0
github.com/proveder/envconfig/envconfig.go:159.2,160.29 2 1
github.com/proveder/envconfig/envconfig.go:160.29,162.3 1 1
github.com/proveder/envconfig/envconfig.go:164.2,164.18 1 1
github.com/proveder/envconfig/envconfig.go:164.18,166.3 1 1
github.com/proveder/envconfig/envconfig.go:168.2,168.35 1 1
github.com/proveder/envconfig/envconfig.go:168.35,169.38 1 1
github.com/proveder/envconfig/envconfig.go:169.38,170.12 1 1
github.com/proveder/envconfig/envconfig.go:172.3,173.34 2 1
github.com/proveder/envconfig/envconfig.go:173.34,175.4 1 1
github.com/proveder/envconfig/envconfig.go:178.2,178.12 1 1
github.com/proveder/envconfig/envconfig.go:182.45,185.29 2 1
github.com/proveder/envconfig/envconfig.go:185.29,192.28 2 1
github.com/proveder/envconfig/envconfig.go:192.28,194.4 1 1
github.com/proveder/envconfig/envconfig.go:196.3,197.23 2 1
github.com/proveder/envconfig/envconfig.go:197.23,199.4 1 1
github.com/proveder/envconfig/envconfig.go:201.3,202.23 2 1
github.com/proveder/envconfig/envconfig.go:202.23,203.19 1 1
github.com/proveder/envconfig/envconfig.go:203.19,205.23 2 1
github.com/proveder/envconfig/envconfig.go:205.23,207.6 1 1
github.com/proveder/envconfig/envconfig.go:208.5,208.60 1 1
github.com/proveder/envconfig/envconfig.go:210.4,210.12 1 1
github.com/proveder/envconfig/envconfig.go:213.3,214.17 2 1
github.com/proveder/envconfig/envconfig.go:214.17,222.4 1 1
github.com/proveder/envconfig/envconfig.go:225.2,225.12 1 1
github.com/proveder/envconfig/envconfig.go:229.43,230.46 1 1
github.com/proveder/envconfig/envconfig.go:230.46,231.13 1 1
github.com/proveder/envconfig/envconfig.go:235.60,239.20 3 1
github.com/proveder/envconfig/envconfig.go:239.20,241.3 1 1
github.com/proveder/envconfig/envconfig.go:243.2,244.19 2 1
github.com/proveder/envconfig/envconfig.go:244.19,246.3 1 1
github.com/proveder/envconfig/envconfig.go:248.2,248.43 1 1
github.com/proveder/envconfig/envconfig.go:248.43,250.3 1 1
github.com/proveder/envconfig/envconfig.go:252.2,252.45 1 1
github.com/proveder/envconfig/envconfig.go:252.45,254.3 1 1
github.com/proveder/envconfig/envconfig.go:256.2,256.35 1 1
github.com/proveder/envconfig/envconfig.go:256.35,258.20 2 1
github.com/proveder/envconfig/envconfig.go:258.20,260.4 1 1
github.com/proveder/envconfig/envconfig.go:261.3,261.23 1 1
github.com/proveder/envconfig/envconfig.go:264.2,264.20 1 1
github.com/proveder/envconfig/envconfig.go:265.22,266.25 1 1
github.com/proveder/envconfig/envconfig.go:267.78,272.91 2 1
github.com/proveder/envconfig/envconfig.go:272.91,276.4 3 1
github.com/proveder/envconfig/envconfig.go:276.9,278.4 1 1
github.com/proveder/envconfig/envconfig.go:279.3,279.17 1 1
github.com/proveder/envconfig/envconfig.go:279.17,281.4 1 1
github.com/proveder/envconfig/envconfig.go:283.3,283.20 1 1
github.com/proveder/envconfig/envconfig.go:284.83,286.17 2 1
github.com/proveder/envconfig/envconfig.go:286.17,288.4 1 1
github.com/proveder/envconfig/envconfig.go:289.3,289.21 1 1
github.com/proveder/envconfig/envconfig.go:290.20,292.17 2 1
github.com/proveder/envconfig/envconfig.go:292.17,294.4 1 1
github.com/proveder/envconfig/envconfig.go:295.3,295.21 1 1
github.com/proveder/envconfig/envconfig.go:296.40,298.17 2 1
github.com/proveder/envconfig/envconfig.go:298.17,300.4 1 1
github.com/proveder/envconfig/envconfig.go:301.3,301.22 1 1
github.com/proveder/envconfig/envconfig.go:302.21,304.41 2 1
github.com/proveder/envconfig/envconfig.go:304.41,306.4 1 1
github.com/proveder/envconfig/envconfig.go:306.9,306.44 1 1
github.com/proveder/envconfig/envconfig.go:306.44,309.29 3 1
github.com/proveder/envconfig/envconfig.go:309.29,311.19 2 1
github.com/proveder/envconfig/envconfig.go:311.19,313.6 1 0
github.com/proveder/envconfig/envconfig.go:316.3,316.16 1 1
github.com/proveder/envconfig/envconfig.go:317.19,319.37 2 1
github.com/proveder/envconfig/envconfig.go:319.37,320.51 1 1
github.com/proveder/envconfig/envconfig.go:320.51,322.25 2 1
github.com/proveder/envconfig/envconfig.go:322.25,324.6 1 0
github.com/proveder/envconfig/envconfig.go:325.5,327.19 3 1
github.com/proveder/envconfig/envconfig.go:327.19,329.6 1 0
github.com/proveder/envconfig/envconfig.go:330.5,332.19 3 1
github.com/proveder/envconfig/envconfig.go:332.19,334.6 1 0
github.com/proveder/envconfig/envconfig.go:335.5,335.25 1 1
github.com/proveder/envconfig/envconfig.go:338.3,338.16 1 1
github.com/proveder/envconfig/envconfig.go:341.2,341.12 1 1
github.com/proveder/envconfig/envconfig.go:344.62,346.27 1 1
github.com/proveder/envconfig/envconfig.go:346.27,348.3 1 0
github.com/proveder/envconfig/envconfig.go:349.2,351.28 3 1
github.com/proveder/envconfig/envconfig.go:351.28,353.3 1 1
github.com/proveder/envconfig/envconfig.go:356.51,357.45 1 1
github.com/proveder/envconfig/envconfig.go:357.45,357.69 1 1
github.com/proveder/envconfig/envconfig.go:358.2,358.10 1 1
github.com/proveder/envconfig/envconfig.go:361.49,362.45 1 1
github.com/proveder/envconfig/envconfig.go:362.45,362.68 1 1
github.com/proveder/envconfig/envconfig.go:363.2,363.10 1 1
github.com/proveder/envconfig/envconfig.go:366.72,367.45 1 1
github.com/proveder/envconfig/envconfig.go:367.45,367.86 1 1
github.com/proveder/envconfig/envconfig.go:368.2,368.10 1 1
github.com/proveder/envconfig/envconfig.go:371.76,372.45 1 1
github.com/proveder/envconfig/envconfig.go:372.45,372.88 1 1
github.com/proveder/envconfig/envconfig.go:373.2,373.10 1 1
github.com/proveder/envconfig/envconfig.go:376.28,379.2 2 1
github.com/proveder/envconfig/usage.go:46.47,55.2 1 1
github.com/proveder/envconfig/usage.go:58.47,59.18 1 1
github.com/proveder/envconfig/usage.go:60.36,61.39 1 1
github.com/proveder/envconfig/usage.go:61.39,63.4 1 1
github.com/proveder/envconfig/usage.go:64.3,64.80 1 1
github.com/proveder/envconfig/usage.go:65.19,70.4 1 1
github.com/proveder/envconfig/usage.go:71.23,72.37 1 1
github.com/proveder/envconfig/usage.go:73.22,74.47 1 1
github.com/proveder/envconfig/usage.go:74.47,76.4 1 1
github.com/proveder/envconfig/usage.go:77.3,77.12 1 0
github.com/proveder/envconfig/usage.go:78.22,80.37 2 1
github.com/proveder/envconfig/usage.go:80.37,82.4 1 1
github.com/proveder/envconfig/usage.go:83.3,83.18 1 1
github.com/proveder/envconfig/usage.go:84.20,86.35 2 1
github.com/proveder/envconfig/usage.go:86.35,88.4 1 1
github.com/proveder/envconfig/usage.go:89.3,89.25 1 1
github.com/proveder/envconfig/usage.go:90.78,92.52 2 1
github.com/proveder/envconfig/usage.go:92.52,94.4 1 1
github.com/proveder/envconfig/usage.go:95.3,95.19 1 1
github.com/proveder/envconfig/usage.go:96.83,98.53 2 1
github.com/proveder/envconfig/usage.go:98.53,100.4 1 1
github.com/proveder/envconfig/usage.go:101.3,101.28 1 1
github.com/proveder/envconfig/usage.go:102.40,104.54 2 1
github.com/proveder/envconfig/usage.go:104.54,106.4 1 1
github.com/proveder/envconfig/usage.go:107.3,107.17 1 1
github.com/proveder/envconfig/usage.go:109.2,109.30 1 0
github.com/proveder/envconfig/usage.go:113.43,121.2 4 1
github.com/proveder/envconfig/usage.go:124.74,128.47 1 1
github.com/proveder/envconfig/usage.go:128.47,128.63 1 1
github.com/proveder/envconfig/usage.go:129.47,129.76 1 1
github.com/proveder/envconfig/usage.go:130.47,130.91 1 1
github.com/proveder/envconfig/usage.go:131.47,131.79 1 1
github.com/proveder/envconfig/usage.go:132.53,134.17 2 1
github.com/proveder/envconfig/usage.go:134.17,136.19 2 1
github.com/proveder/envconfig/usage.go:136.19,138.6 1 0
github.com/proveder/envconfig/usage.go:139.5,139.13 1 1
github.com/proveder/envconfig/usage.go:139.13,141.6 1 1
github.com/proveder/envconfig/usage.go:143.4,143.19 1 1
github.com/proveder/envconfig/usage.go:147.2,148.16 2 1
github.com/proveder/envconfig/usage.go:148.16,150.3 1 0
github.com/proveder/envconfig/usage.go:152.2,152.40 1 1
github.com/proveder/envconfig/usage.go:156.84,159.16 2 1
github.com/proveder/envconfig/usage.go:159.16,161.3 1 0
github.com/proveder/envconfig/usage.go:163.2,163.33 1 1
